// Jest Snapshot v1, https://goo.gl/fbAQLP

exports[`<InputDate /> renders correctly with default title 1`] = `
<View>
  <View>
    <View
      accessibilityState={
        {
          "busy": undefined,
          "checked": undefined,
          "disabled": undefined,
          "expanded": undefined,
          "selected": undefined,
        }
      }
      accessibilityValue={
        {
          "max": undefined,
          "min": undefined,
          "now": undefined,
          "text": undefined,
        }
      }
      accessible={true}
      collapsable={false}
      focusable={true}
      onClick={[Function]}
      onResponderGrant={[Function]}
      onResponderMove={[Function]}
      onResponderRelease={[Function]}
      onResponderTerminate={[Function]}
      onResponderTerminationRequest={[Function]}
      onStartShouldSetResponder={[Function]}
      style={
        {
          "alignItems": "center",
          "backgroundColor": "#eaeaea",
          "borderRadius": 5,
          "color": "#FFFFFF",
          "opacity": 1,
        }
      }
    >
      <Text
        style={
          {
            "color": "#1E2126",
            "fontSize": 24,
            "padding": 10,
          }
        }
      >
        Select Date
      </Text>
    </View>
  </View>
</View>
`;
