// Jest Snapshot v1, https://goo.gl/fbAQLP

exports[`<CardInfo /> renders correctly with given props 1`] = `
<View
  style={
    {
      "width": "80%",
    }
  }
>
  <View
    style={
      {
        "alignItems": "center",
        "flexDirection": "row",
        "justifyContent": "space-between",
        "marginVertical": 40,
      }
    }
  >
    <View>
      <Text
        style={
          {
            "fontSize": 34,
            "fontWeight": "bold",
          }
        }
      >
        ID:
        1
      </Text>
      <Text>
        Informacion extra
      </Text>
    </View>
    <View
      accessibilityState={
        {
          "busy": undefined,
          "checked": undefined,
          "disabled": undefined,
          "expanded": undefined,
          "selected": undefined,
        }
      }
      accessibilityValue={
        {
          "max": undefined,
          "min": undefined,
          "now": undefined,
          "text": undefined,
        }
      }
      accessible={true}
      collapsable={false}
      focusable={true}
      onClick={[Function]}
      onResponderGrant={[Function]}
      onResponderMove={[Function]}
      onResponderRelease={[Function]}
      onResponderTerminate={[Function]}
      onResponderTerminationRequest={[Function]}
      onStartShouldSetResponder={[Function]}
      style={
        {
          "opacity": 1,
        }
      }
    >
      <RNSVGSvgView
        align="xMidYMid"
        aria-hidden="true"
        bbHeight={50}
        bbWidth={50}
        fill="none"
        focusable={false}
        height={50}
        meetOrSlice={0}
        minX={0}
        minY={0}
        style={
          [
            {
              "backgroundColor": "transparent",
              "borderWidth": 0,
            },
            {
              "color": "#eaeaea",
            },
            {
              "flex": 0,
              "height": 50,
              "width": 50,
            },
          ]
        }
        tintColor="#eaeaea"
        vbHeight={24}
        vbWidth={24}
        width={50}
        xmlns="http://www.w3.org/2000/svg"
      >
        <RNSVGGroup
          fill={null}
          propList={
            [
              "fill",
            ]
          }
        >
          <RNSVGPath
            d="M6 18 17.94 6M18 18 6.06 6"
            fill={
              {
                "payload": 4278190080,
                "type": 0,
              }
            }
            propList={
              [
                "stroke",
                "strokeWidth",
                "strokeLinecap",
                "strokeLinejoin",
              ]
            }
            stroke={
              {
                "type": 2,
              }
            }
            strokeLinecap={1}
            strokeLinejoin={1}
            strokeWidth={2}
          />
        </RNSVGGroup>
      </RNSVGSvgView>
    </View>
  </View>
  <View
    style={
      {
        "padding": 10,
      }
    }
  >
    <View
      style={
        {
          "alignItems": "center",
          "flexDirection": "row",
          "justifyContent": "space-between",
          "marginVertical": 10,
        }
      }
    >
      <Text
        style={
          {
            "color": "#6a6a6a",
            "fontSize": 14,
          }
        }
        testID="title-text"
      >
        Nombre:
      </Text>
      <Text
        style={
          {
            "color": "#6a6a6a",
            "fontSize": 14,
          }
        }
        testID="content-text"
      >
        Cart black
      </Text>
    </View>
    <View
      style={
        {
          "alignItems": "center",
          "flexDirection": "row",
          "justifyContent": "space-between",
          "marginVertical": 10,
        }
      }
    >
      <Text
        style={
          {
            "color": "#6a6a6a",
            "fontSize": 14,
          }
        }
        testID="title-text"
      >
        Description:
      </Text>
      <Text
        style={
          {
            "color": "#6a6a6a",
            "fontSize": 14,
          }
        }
        testID="content-text"
      >
        Descripcion registrada del producto
      </Text>
    </View>
    <View
      style={
        {
          "marginVertical": 30,
        }
      }
    >
      <Text>
        Logo:
      </Text>
      <Image
        source={
          {
            "uri": "https://www.visa.com.ec/dam/VCOM/regional/lac/SPA/Default/Pay%20With%20Visa/Tarjetas/visa-signature-400x225.jpg",
          }
        }
        style={
          {
            "borderRadius": 4,
            "height": 113,
            "marginLeft": 80,
            "width": 200,
          }
        }
      />
    </View>
    <View
      style={
        {
          "alignItems": "center",
          "flexDirection": "row",
          "justifyContent": "space-between",
          "marginVertical": 10,
        }
      }
    >
      <Text
        style={
          {
            "color": "#6a6a6a",
            "fontSize": 14,
          }
        }
        testID="title-text"
      >
        Fecha liberación:
      </Text>
      <Text
        style={
          {
            "color": "#6a6a6a",
            "fontSize": 14,
          }
        }
        testID="content-text"
      >
        2025-03-02
      </Text>
    </View>
    <View
      style={
        {
          "alignItems": "center",
          "flexDirection": "row",
          "justifyContent": "space-between",
          "marginVertical": 10,
        }
      }
    >
      <Text
        style={
          {
            "color": "#6a6a6a",
            "fontSize": 14,
          }
        }
        testID="title-text"
      >
        Fecha revisión:
      </Text>
      <Text
        style={
          {
            "color": "#6a6a6a",
            "fontSize": 14,
          }
        }
        testID="content-text"
      >
        2026-08-15
      </Text>
    </View>
  </View>
</View>
`;
