// Jest Snapshot v1, https://goo.gl/fbAQLP

exports[`<Header /> renders correctly 1`] = `
<View
  style={
    {
      "alignItems": "center",
      "backgroundColor": "#FFFFFF",
      "borderBottomColor": "#eaeaea",
      "borderBottomWidth": 2,
      "flexDirection": "row",
      "justifyContent": "center",
      "marginBottom": 20,
      "paddingBottom": 10,
      "width": "100%",
    }
  }
>
  <RNSVGSvgView
    align="xMidYMid"
    aria-hidden="true"
    bbHeight={50}
    bbWidth={50}
    fill="none"
    focusable={false}
    height={50}
    meetOrSlice={0}
    minX={0}
    minY={0}
    style={
      [
        {
          "backgroundColor": "transparent",
          "borderWidth": 0,
        },
        {
          "color": "#000000",
          "fontSize": 35,
          "marginRight": 10,
        },
        {
          "flex": 0,
          "height": 50,
          "width": 50,
        },
      ]
    }
    tintColor="#000000"
    vbHeight={24}
    vbWidth={24}
    width={50}
    xmlns="http://www.w3.org/2000/svg"
  >
    <RNSVGGroup
      fill={null}
      font={
        {
          "fontSize": 35,
        }
      }
      propList={
        [
          "fill",
        ]
      }
    >
      <RNSVGPath
        d="M8 7V6a1 1 0 0 1 1-1h11a1 1 0 0 1 1 1v7a1 1 0 0 1-1 1h-1M3 18v-7a1 1 0 0 1 1-1h11a1 1 0 0 1 1 1v7a1 1 0 0 1-1 1H4a1 1 0 0 1-1-1Zm8-3.5a1.5 1.5 0 1 1-3 0 1.5 1.5 0 0 1 3 0Z"
        fill={
          {
            "payload": 4278190080,
            "type": 0,
          }
        }
        propList={
          [
            "stroke",
            "strokeWidth",
            "strokeLinecap",
          ]
        }
        stroke={
          {
            "type": 2,
          }
        }
        strokeLinecap={1}
        strokeWidth={2}
      />
    </RNSVGGroup>
  </RNSVGSvgView>
  <Text
    style={
      {
        "fontSize": 34,
        "fontWeight": "bold",
        "justifyContent": "flex-start",
      }
    }
  >
    Banco
  </Text>
</View>
`;
