// Jest Snapshot v1, https://goo.gl/fbAQLP

exports[`<AddProduct /> Render the title correctly with props ID 1`] = `
<View
  style={
    {
      "width": "80%",
    }
  }
>
  <Text
    style={
      {
        "fontSize": 14,
        "marginVertical": 10,
      }
    }
  >
    ID
  </Text>
  <View
    style={
      {
        "marginBottom": 5,
      }
    }
  >
    <TextInput
      blurOnSubmit={true}
      keyboardType="numeric"
      onBlur={[Function]}
      onChangeText={[Function]}
      placeholder="Numero de ID"
      placeholderTextColor="#6a6a6a"
      style={
        [
          {
            "borderRadius": 5,
            "borderWidth": 1,
            "fontSize": 24,
            "height": 50,
            "paddingLeft": 20,
            "width": "100%",
          },
          {
            "borderColor": "#eaeaea",
          },
        ]
      }
      testID="error-message"
      value="1"
    />
  </View>
</View>
`;
