// Jest Snapshot v1, https://goo.gl/fbAQLP

exports[`<DeleteProduct /> should render correctly when visible 1`] = `
<Modal
  animationType="slide"
  hardwareAccelerated={false}
  onRequestClose={[MockFunction]}
  transparent={true}
  visible={true}
>
  <View
    style={
      {
        "backgroundColor": "rgba(0,0,0,0.5)",
        "flex": 1,
        "justifyContent": "flex-end",
      }
    }
  >
    <View
      style={
        {
          "alignItems": "center",
          "backgroundColor": "white",
          "borderTopLeftRadius": 20,
          "borderTopRightRadius": 20,
          "padding": 50,
        }
      }
    >
      <Text
        style={
          {
            "fontSize": 18,
            "fontWeight": "bold",
            "marginBottom": 20,
          }
        }
      >
        ¿Estás seguro de eliminar el producto? 
Nombre: Producto de prueba 1 
Id: 1 ?
      </Text>
      <View
        style={
          {
            "alignItems": "center",
            "flexDirection": "column",
            "justifyContent": "space-between",
            "width": "100%",
          }
        }
      >
        <View
          accessibilityState={
            {
              "busy": undefined,
              "checked": undefined,
              "disabled": undefined,
              "expanded": undefined,
              "selected": undefined,
            }
          }
          accessibilityValue={
            {
              "max": undefined,
              "min": undefined,
              "now": undefined,
              "text": undefined,
            }
          }
          accessible={true}
          collapsable={false}
          focusable={true}
          onClick={[Function]}
          onResponderGrant={[Function]}
          onResponderMove={[Function]}
          onResponderRelease={[Function]}
          onResponderTerminate={[Function]}
          onResponderTerminationRequest={[Function]}
          onStartShouldSetResponder={[Function]}
          style={
            {
              "alignItems": "center",
              "backgroundColor": "#F70000",
              "borderRadius": 10,
              "height": 60,
              "justifyContent": "center",
              "marginVertical": 10,
              "opacity": 1,
              "paddingHorizontal": 15,
              "paddingVertical": 10,
              "width": "80%",
            }
          }
        >
          <Text
            style={
              {
                "color": "#1E2126",
                "fontSize": 14,
                "fontWeight": "bold",
                "padding": 10,
              }
            }
          >
            Eliminar
          </Text>
        </View>
        <View
          accessibilityState={
            {
              "busy": undefined,
              "checked": undefined,
              "disabled": undefined,
              "expanded": undefined,
              "selected": undefined,
            }
          }
          accessibilityValue={
            {
              "max": undefined,
              "min": undefined,
              "now": undefined,
              "text": undefined,
            }
          }
          accessible={true}
          collapsable={false}
          focusable={true}
          onClick={[Function]}
          onResponderGrant={[Function]}
          onResponderMove={[Function]}
          onResponderRelease={[Function]}
          onResponderTerminate={[Function]}
          onResponderTerminationRequest={[Function]}
          onStartShouldSetResponder={[Function]}
          style={
            {
              "alignItems": "center",
              "backgroundColor": "#eaeaea",
              "borderRadius": 10,
              "height": 60,
              "justifyContent": "center",
              "marginVertical": 10,
              "opacity": 1,
              "paddingHorizontal": 15,
              "paddingVertical": 10,
              "width": "80%",
            }
          }
        >
          <Text
            style={
              {
                "color": "#1E2126",
                "fontSize": 14,
                "fontWeight": "bold",
                "padding": 10,
              }
            }
          >
            Cancelar
          </Text>
        </View>
      </View>
    </View>
  </View>
</Modal>
`;
