// Jest Snapshot v1, https://goo.gl/fbAQLP

exports[`<ListFinancialProduct /> renders correctly with products 1`] = `null`;
